// Jest Snapshot v1, https://goo.gl/fbAQLP

exports[`TotalIncidents should render correctly 1`] = `
<TotalIncidents
  totalIncidents={18}
>
  <styled.div>
    <StyledComponent
      forwardedComponent={
        Object {
          "$$typeof": Symbol(react.forward_ref),
          "attrs": Array [],
          "componentStyle": ComponentStyle {
            "componentId": "sc-bdVaJa",
            "isStatic": true,
            "lastClassName": "fKVUqC",
            "rules": Array [
              "
    min-height: 40px;
    line-height: 40px;
    text-align: right;
    overflow: hidden;
    text-overflow: ellipsis;
    white-space: nowrap;
",
            ],
          },
          "displayName": "styled.div",
          "foldedComponentIds": Array [],
          "render": [Function],
          "styledComponentId": "sc-bdVaJa",
          "target": "div",
          "toString": [Function],
          "warnTooManyClasses": [Function],
          "withComponent": [Function],
        }
      }
      forwardedRef={null}
    >
      <div
        className="sc-bdVaJa fKVUqC"
      >
        Total: 18
      </div>
    </StyledComponent>
  </styled.div>
</TotalIncidents>
`;
