// Jest Snapshot v1, https://goo.gl/fbAQLP

exports[`TotalPages should render correctly 1`] = `
<TotalPages>
  <styled.div>
    <StyledComponent
      forwardedComponent={
        Object {
          "$$typeof": Symbol(react.forward_ref),
          "attrs": Array [],
          "componentStyle": ComponentStyle {
            "componentId": "sc-bdVaJa",
            "isStatic": true,
            "lastClassName": "jaMoQF",
            "rules": Array [
              "
    min-height: 40px;
    line-height: 40px;
    text-align: right;
",
            ],
          },
          "displayName": "styled.div",
          "foldedComponentIds": Array [],
          "render": [Function],
          "styledComponentId": "sc-bdVaJa",
          "target": "div",
          "toString": [Function],
          "warnTooManyClasses": [Function],
          "withComponent": [Function],
        }
      }
      forwardedRef={null}
    >
      <div
        className="sc-bdVaJa jaMoQF"
      >
        Total: undefined
      </div>
    </StyledComponent>
  </styled.div>
</TotalPages>
`;
