// Jest Snapshot v1, https://goo.gl/fbAQLP

exports[`IncidentTextPanel should render correctly 1`] = `
<IncidentTextPanel>
  <styled.div>
    <StyledComponent
      forwardedComponent={
        Object {
          "$$typeof": Symbol(react.forward_ref),
          "attrs": Array [],
          "componentStyle": ComponentStyle {
            "componentId": "sc-bdVaJa",
            "isStatic": true,
            "lastClassName": "gdbsuu",
            "rules": Array [
              "
    display: flex;
    flex-direction: column;
    padding: 0 15px;
",
            ],
          },
          "displayName": "styled.div",
          "foldedComponentIds": Array [],
          "render": [Function],
          "styledComponentId": "sc-bdVaJa",
          "target": "div",
          "toString": [Function],
          "warnTooManyClasses": [Function],
          "withComponent": [Function],
        }
      }
      forwardedRef={null}
    >
      <div
        className="sc-bdVaJa gdbsuu"
      />
    </StyledComponent>
  </styled.div>
</IncidentTextPanel>
`;
