// Jest Snapshot v1, https://goo.gl/fbAQLP

exports[`Incident should render correctly 1`] = `
<Styled(Link)
  to="/case/1"
>
  <IncidentImage
    imageUrl="https://avatars.mds.yandex.net/get-turbo/1505928/2a0000016836daee3ee7d60c44cca211b89b/max_g480_c12_r3x4_pd20"
  />
  <IncidentTextPanel
    address="Berlin, 12047, DE"
    description="Stolen from my courtyard"
    occurredAt={1532152800}
    title="Stolen 2018 VAUN VELO(black)"
  />
</Styled(Link)>
`;

exports[`Incident without some fields 1`] = `
<Styled(Link)
  to="/case/1"
>
  <IncidentImage />
  <IncidentTextPanel />
</Styled(Link)>
`;
