// Jest Snapshot v1, https://goo.gl/fbAQLP

exports[`MyComponent should render correctly 1`] = `
<Button
  debug={true}
  onClick={[Function]}
  text="Button test"
>
  <ThemeProvider
    theme={
      Object {
        "colors": Object {
          "UICheckboxIconCopy": "rgba(144, 156, 172, 0.2)",
          "UIClientError": "#ff6c00",
          "UIModalFooterLightBlueGray": "#f3f9ff",
          "UIModalTitleDefault": "rgba(94, 102, 112, 0.4)",
          "UIServerError": "#ff0000",
          "UITriggerBlue": "#00a9f6",
          "UITriggerRed": "#fe3d00",
        },
        "fontSizes": Array [
          12,
          14,
          16,
          18,
          24,
          32,
          36,
          72,
          96,
        ],
        "space": Array [
          0,
          4,
          8,
          16,
          32,
          64,
          128,
          256,
        ],
      }
    }
  >
    <styled.button
      color="orange"
      debug={true}
      onClick={[Function]}
      p={2}
    >
      <StyledComponent
        color="orange"
        debug={true}
        forwardedComponent={
          Object {
            "$$typeof": Symbol(react.forward_ref),
            "attrs": Array [],
            "componentStyle": ComponentStyle {
              "componentId": "sc-bdVaJa",
              "isStatic": false,
              "lastClassName": "cMRHnp",
              "rules": Array [
                "
	",
                [Function],
                "
	",
                [Function],
                "
	",
                [Function],
                "
	",
                [Function],
                "
",
              ],
            },
            "defaultProps": Object {
              "color": "orange",
              "p": 2,
            },
            "displayName": "styled.button",
            "foldedComponentIds": Array [],
            "render": [Function],
            "styledComponentId": "sc-bdVaJa",
            "target": "button",
            "toString": [Function],
            "warnTooManyClasses": [Function],
            "withComponent": [Function],
          }
        }
        forwardedRef={null}
        onClick={[Function]}
        p={2}
      >
        <button
          className="sc-bdVaJa cMRHnp"
          color="orange"
          onClick={[Function]}
        >
          Button test
        </button>
      </StyledComponent>
    </styled.button>
  </ThemeProvider>
</Button>
`;
